
> salesforce@1.0.0 build
> vite build

[36mvite v7.2.6 [32mbuilding client environment for production...[36m[39m
node.exe : [33m
At line:1 char:1
+ & "C:\Program 
Files\nodejs/node.exe" 
"C:\Program 
Files\nodejs/node_mo ...
+ ~~~~~~~~~~~~~~~~~~~~~~~~~~
~~~~~~~~~~~~~~~~~~~~~~~~~~~~
~~~~~~~~~~~~~~~
    + CategoryInfo          
    : NotSpecified: ([33m  
  :String) [], RemoteExce   
 ption
    + FullyQualifiedErrorId 
    : NativeCommandError
 
Unable to parse HTML; 
parse5 error code unexpected
-character-in-attribute-name
 at C:/Users/HP/Ideamagix_co
py/salesforce/html/agentforc
e.html:2369:57
2404 |                      
                <div 
class="accordion-header">
2405 |                      
                    
<span>The Salesforce 
Difference</span>
2406 |                      
                    <i 
class="fa-solid 
fa-arrow-down"></i>
     |                      
                            
                     ^
2407 |                      
                </div>
2408 |                      
            </div>[39m
[33m
Unable to parse HTML; 
parse5 error code control-ch
aracter-in-input-stream
 at C:/Users/HP/Ideamagix_co
py/salesforce/html/agentforc
e.html:3189:46
3237 |  
3238 |                      
                <div 
class="sidebar-footer-img">
3239 |                      
                    <img src
="../assets/news/justforyou-
bushes.png" alt="Garden">
     |                      
                            
       ^
3240 |                      
                    <img src
="../assets/news/justforyou-
butterfly-alt.png" 
alt="Butterfly">
3241 |  [39m
transforming...
[32mΓ£ô[39m 14 modules transformed.
[31mΓ£ù[39m Build failed 
in 1.60s
[31merror during build:
[31m[vite:terser] terser 
not found. Since Vite v3, 
terser has become an 
optional dependency. You 
need to install it.[31m
    at loadTerserPath (file:
///C:/Users/HP/Ideamagix_cop
y/salesforce/node_modules/vi
te/dist/node/chunks/config.j
s:32967:8)
    at Object.renderChunk (f
ile:///C:/Users/HP/Ideamagix
_copy/salesforce/node_module
s/vite/dist/node/chunks/conf
ig.js:32996:39)
    at Object.handler (file:
///C:/Users/HP/Ideamagix_cop
y/salesforce/node_modules/vi
te/dist/node/chunks/config.j
s:33736:13)
    at file:///C:/Users/HP/I
deamagix_copy/salesforce/nod
e_modules/rollup/dist/es/sha
red/node-entry.js:22451:40
    at process.processTicksA
ndRejections (node:internal/
process/task_queues:103:5)[
39m
